
> nextn@12.0.2025 build
> NODE_OPTIONS='--max-old-space-size=4096' next build

sh: 1: next: not found
